// Jest Snapshot v1, https://goo.gl/fbAQLP

exports[`tests in componenet <AddCategory /> should render component 1`] = `
<form
  onSubmit={[Function]}
>
  <p />
  <input
    onChange={[Function]}
    placeholder="Add Category"
    type="text"
    value=""
  />
</form>
`;
